// Jest Snapshot v1, https://goo.gl/fbAQLP

exports[`<HeaderActionButton /> snapshots renders correctly 1`] = `
<View
  style={
    [
      {
        "overflow": "hidden",
      },
      {
        "borderRadius": 3.142857142857143,
      },
      undefined,
      false,
    ]
  }
  testID="RNE_BUTTON_WRAPPER"
>
  <View
    accessibilityRole="button"
    accessibilityState={
      {
        "busy": false,
        "checked": undefined,
        "disabled": false,
        "expanded": undefined,
        "selected": undefined,
      }
    }
    accessibilityValue={
      {
        "max": undefined,
        "min": undefined,
        "now": undefined,
        "text": undefined,
      }
    }
    accessible={true}
    collapsable={false}
    focusable={true}
    onClick={[Function]}
    onResponderGrant={[Function]}
    onResponderMove={[Function]}
    onResponderRelease={[Function]}
    onResponderTerminate={[Function]}
    onResponderTerminationRequest={[Function]}
    onStartShouldSetResponder={[Function]}
    style={
      {
        "opacity": 1,
      }
    }
  >
    <View
      style={
        {
          "alignItems": "center",
          "backgroundColor": "transparent",
          "borderColor": "#007aff",
          "borderRadius": 3.142857142857143,
          "borderWidth": 0,
          "flexDirection": "row",
          "justifyContent": "center",
          "padding": 12.571428571428571,
          "paddingHorizontal": 14.571428571428571,
        }
      }
    >
      <Text
        style={
          {
            "color": "white",
            "fontSize": 18,
            "paddingVertical": 1,
            "textAlign": "center",
          }
        }
      >
        test
      </Text>
    </View>
  </View>
</View>
`;
